2026-03-05T17:24:50.265234+00:00	elapsed=0.015s	event=run_start	checkpoint=-	extra=resume_index=0
2026-03-05T17:25:22.348562+00:00	elapsed=32.098s	event=checkpoint_start	checkpoint=HOME_DONE
2026-03-05T17:25:57.457735+00:00	elapsed=67.207s	event=checkpoint_done	checkpoint=HOME_DONE
2026-03-05T17:25:57.457887+00:00	elapsed=67.208s	event=checkpoint_start	checkpoint=BELOW_EXTRUDER
2026-03-05T17:26:26.747201+00:00	elapsed=96.497s	event=checkpoint_done	checkpoint=BELOW_EXTRUDER
2026-03-05T17:26:26.747305+00:00	elapsed=96.497s	event=checkpoint_start	checkpoint=WIRE_CUT_DONE
2026-03-05T17:26:45.326018+00:00	elapsed=115.076s	event=checkpoint_done	checkpoint=WIRE_CUT_DONE
2026-03-05T17:26:45.326969+00:00	elapsed=115.077s	event=checkpoint_start	checkpoint=SAFE_ABOVE_CHAMBER_ENTRY
2026-03-05T17:27:08.128315+00:00	elapsed=137.878s	event=checkpoint_done	checkpoint=SAFE_ABOVE_CHAMBER_ENTRY
2026-03-05T17:27:08.128446+00:00	elapsed=137.878s	event=checkpoint_start	checkpoint=IN_CHAMBER
2026-03-05T17:27:22.763584+00:00	elapsed=152.513s	event=checkpoint_done	checkpoint=IN_CHAMBER
2026-03-05T17:27:22.763827+00:00	elapsed=152.514s	event=checkpoint_start	checkpoint=SOLUTION_DONE
2026-03-05T17:28:01.911435+00:00	elapsed=191.661s	event=checkpoint_done	checkpoint=SOLUTION_DONE
2026-03-05T17:28:01.911540+00:00	elapsed=191.661s	event=checkpoint_start	checkpoint=PRE_PEO
2026-03-05T17:28:42.942634+00:00	elapsed=232.692s	event=checkpoint_done	checkpoint=PRE_PEO
2026-03-05T17:28:42.942858+00:00	elapsed=232.693s	event=checkpoint_start	checkpoint=RECONNECT
2026-03-05T17:29:05.986269+00:00	elapsed=255.736s	event=checkpoint_done	checkpoint=RECONNECT
2026-03-05T17:29:05.986382+00:00	elapsed=255.736s	event=checkpoint_start	checkpoint=RECONNECT_DONE
2026-03-05T17:29:35.688623+00:00	elapsed=285.438s	event=checkpoint_done	checkpoint=RECONNECT_DONE
2026-03-05T17:29:35.688789+00:00	elapsed=285.439s	event=checkpoint_start	checkpoint=OUT_OF_CHAMBER
2026-03-05T17:30:32.816084+00:00	elapsed=342.566s	event=checkpoint_done	checkpoint=OUT_OF_CHAMBER
2026-03-05T17:30:32.816180+00:00	elapsed=342.566s	event=checkpoint_start	checkpoint=SECOND_HOME
2026-03-05T17:30:33.055943+00:00	elapsed=342.806s	event=checkpoint_done	checkpoint=SECOND_HOME
2026-03-05T17:30:33.056699+00:00	elapsed=342.806s	event=checkpoint_start	checkpoint=SPEKTRUM_GOT
2026-03-05T17:30:38.057792+00:00	elapsed=347.808s	event=checkpoint_done	checkpoint=SPEKTRUM_GOT
2026-03-05T17:30:38.057925+00:00	elapsed=347.808s	event=checkpoint_start	checkpoint=DONE
2026-03-05T17:30:38.058734+00:00	elapsed=347.808s	event=checkpoint_done_eof	checkpoint=DONE
2026-03-05T17:30:38.058934+00:00	elapsed=347.809s	event=run_end	checkpoint=DONE
2026-03-05T17:30:38.074203+00:00	elapsed=347.824s	event=forced_restart	checkpoint=DONE	extra=allowed=['RECONNECT']
2026-03-05T17:30:38.074424+00:00	elapsed=347.824s	event=state_cleared	checkpoint=-
2026-03-05T17:30:38.074559+00:00	elapsed=347.824s	event=run_start	checkpoint=-	extra=resume_index=0
2026-03-05T17:31:10.140123+00:00	elapsed=379.89s	event=checkpoint_start	checkpoint=HOME_DONE
2026-03-05T17:31:10.160071+00:00	elapsed=379.91s	event=error	checkpoint=HOME_DONE	extra=STOP requested
