2026-03-12T13:03:27.020929+00:00	elapsed=0.0s	event=run_start	checkpoint=-	extra=resume_index=0
2026-03-12T13:04:39.939463+00:00	elapsed=72.919s	event=checkpoint_start	checkpoint=HOME_DONE
2026-03-12T13:05:14.715437+00:00	elapsed=107.695s	event=checkpoint_done	checkpoint=HOME_DONE
2026-03-12T13:05:14.715535+00:00	elapsed=107.695s	event=checkpoint_start	checkpoint=BELOW_EXTRUDER
2026-03-12T13:05:31.240531+00:00	elapsed=124.22s	event=checkpoint_done	checkpoint=BELOW_EXTRUDER
2026-03-12T13:05:31.240665+00:00	elapsed=124.22s	event=checkpoint_start	checkpoint=WIRE_CUT_DONE
2026-03-12T13:05:49.518285+00:00	elapsed=142.497s	event=checkpoint_done	checkpoint=WIRE_CUT_DONE
2026-03-12T13:05:49.518396+00:00	elapsed=142.498s	event=checkpoint_start	checkpoint=SAFE_ABOVE_CHAMBER_ENTRY
2026-03-12T13:06:12.324959+00:00	elapsed=165.304s	event=checkpoint_done	checkpoint=SAFE_ABOVE_CHAMBER_ENTRY
2026-03-12T13:06:12.325371+00:00	elapsed=165.305s	event=checkpoint_start	checkpoint=IN_CHAMBER
2026-03-12T13:06:26.959212+00:00	elapsed=179.938s	event=checkpoint_done	checkpoint=IN_CHAMBER
2026-03-12T13:06:26.959376+00:00	elapsed=179.939s	event=checkpoint_start	checkpoint=SOLUTION_DONE
2026-03-12T13:07:06.103094+00:00	elapsed=219.082s	event=checkpoint_done	checkpoint=SOLUTION_DONE
2026-03-12T13:07:06.103772+00:00	elapsed=219.083s	event=checkpoint_start	checkpoint=PRE_PEO
2026-03-12T13:07:47.131403+00:00	elapsed=260.111s	event=checkpoint_done	checkpoint=PRE_PEO
2026-03-12T13:07:47.131515+00:00	elapsed=260.111s	event=checkpoint_start	checkpoint=RECONNECT
2026-03-12T13:08:09.822145+00:00	elapsed=282.801s	event=checkpoint_done	checkpoint=RECONNECT
2026-03-12T13:08:09.822286+00:00	elapsed=282.801s	event=checkpoint_start	checkpoint=RECONNECT_DONE
2026-03-12T13:08:39.634156+00:00	elapsed=312.613s	event=checkpoint_done	checkpoint=RECONNECT_DONE
2026-03-12T13:08:39.634268+00:00	elapsed=312.613s	event=checkpoint_start	checkpoint=OUT_OF_CHAMBER
2026-03-12T13:09:36.542329+00:00	elapsed=369.522s	event=checkpoint_done	checkpoint=OUT_OF_CHAMBER
2026-03-12T13:09:36.542861+00:00	elapsed=369.522s	event=checkpoint_start	checkpoint=SECOND_HOME
2026-03-12T13:09:37.560688+00:00	elapsed=370.54s	event=checkpoint_done	checkpoint=SECOND_HOME
2026-03-12T13:09:37.562840+00:00	elapsed=370.542s	event=checkpoint_start	checkpoint=SPEKTRUM_GOT
2026-03-12T13:09:42.568037+00:00	elapsed=375.547s	event=checkpoint_done	checkpoint=SPEKTRUM_GOT
2026-03-12T13:09:42.568212+00:00	elapsed=375.547s	event=checkpoint_start	checkpoint=DONE
2026-03-12T13:09:42.571317+00:00	elapsed=375.551s	event=checkpoint_done_eof	checkpoint=DONE
2026-03-12T13:09:42.571465+00:00	elapsed=375.551s	event=run_end	checkpoint=DONE
