2026-03-06T15:19:55.789339+00:00	elapsed=0.0s	event=run_start	checkpoint=-	extra=resume_index=0
2026-03-06T15:20:27.912034+00:00	elapsed=32.123s	event=checkpoint_start	checkpoint=HOME_DONE
2026-03-06T15:21:03.009179+00:00	elapsed=67.22s	event=checkpoint_done	checkpoint=HOME_DONE
2026-03-06T15:21:03.009385+00:00	elapsed=67.22s	event=checkpoint_start	checkpoint=BELOW_EXTRUDER
2026-03-06T15:21:52.711576+00:00	elapsed=116.923s	event=checkpoint_done	checkpoint=BELOW_EXTRUDER
2026-03-06T15:21:52.711939+00:00	elapsed=116.923s	event=checkpoint_start	checkpoint=WIRE_CUT_DONE
2026-03-06T15:22:11.297292+00:00	elapsed=135.508s	event=checkpoint_done	checkpoint=WIRE_CUT_DONE
2026-03-06T15:22:11.297439+00:00	elapsed=135.509s	event=checkpoint_start	checkpoint=SAFE_ABOVE_CHAMBER_ENTRY
2026-03-06T15:22:34.101658+00:00	elapsed=158.313s	event=checkpoint_done	checkpoint=SAFE_ABOVE_CHAMBER_ENTRY
2026-03-06T15:22:34.101736+00:00	elapsed=158.313s	event=checkpoint_start	checkpoint=IN_CHAMBER
2026-03-06T15:22:48.739268+00:00	elapsed=172.95s	event=checkpoint_done	checkpoint=IN_CHAMBER
2026-03-06T15:22:48.739342+00:00	elapsed=172.95s	event=checkpoint_start	checkpoint=SOLUTION_DONE
2026-03-06T15:23:27.877331+00:00	elapsed=212.088s	event=checkpoint_done	checkpoint=SOLUTION_DONE
2026-03-06T15:23:27.877437+00:00	elapsed=212.089s	event=checkpoint_start	checkpoint=PRE_PEO
2026-03-06T15:24:08.911439+00:00	elapsed=253.123s	event=checkpoint_done	checkpoint=PRE_PEO
2026-03-06T15:24:08.911558+00:00	elapsed=253.123s	event=checkpoint_start	checkpoint=RECONNECT
2026-03-06T15:24:31.979265+00:00	elapsed=276.19s	event=checkpoint_done	checkpoint=RECONNECT
2026-03-06T15:24:31.979356+00:00	elapsed=276.19s	event=checkpoint_start	checkpoint=RECONNECT_DONE
2026-03-06T15:25:01.783746+00:00	elapsed=305.995s	event=checkpoint_done	checkpoint=RECONNECT_DONE
2026-03-06T15:25:01.783835+00:00	elapsed=305.995s	event=checkpoint_start	checkpoint=OUT_OF_CHAMBER
2026-03-06T15:25:58.009076+00:00	elapsed=362.22s	event=checkpoint_done	checkpoint=OUT_OF_CHAMBER
2026-03-06T15:25:58.009303+00:00	elapsed=362.22s	event=checkpoint_start	checkpoint=SECOND_HOME
2026-03-06T15:25:58.417985+00:00	elapsed=362.629s	event=checkpoint_done	checkpoint=SECOND_HOME
2026-03-06T15:25:58.418177+00:00	elapsed=362.629s	event=checkpoint_start	checkpoint=SPEKTRUM_GOT
2026-03-06T15:26:03.421092+00:00	elapsed=367.632s	event=checkpoint_done	checkpoint=SPEKTRUM_GOT
2026-03-06T15:26:03.421211+00:00	elapsed=367.632s	event=checkpoint_start	checkpoint=DONE
2026-03-06T15:26:03.429243+00:00	elapsed=367.64s	event=checkpoint_done_eof	checkpoint=DONE
2026-03-06T15:26:03.429312+00:00	elapsed=367.64s	event=run_end	checkpoint=DONE
2026-03-12T13:09:42.586471+00:00	elapsed=0.001s	event=forced_restart	checkpoint=DONE	extra=allowed=['RECONNECT']
2026-03-12T13:09:42.588703+00:00	elapsed=0.003s	event=state_cleared	checkpoint=-
2026-03-12T13:09:42.588883+00:00	elapsed=0.003s	event=run_start	checkpoint=-	extra=resume_index=0
2026-03-12T13:09:43.668660+00:00	elapsed=1.083s	event=error	checkpoint=-	extra=ERR UNKNOWN_CMD "aHOME ALL"
